C:\Program Files\Microsoft Visual Studio\2022\Professional\MSBuild\Microsoft\VC\v170\Microsoft.Cpp.Analysis.props(24,5): warning MSB4211: Die Eigenschaft "MsvcAnalysisPluginPath" wird zum ersten Mal auf einen Wert festgelegt, doch dieser wurde bereits in "C:\Program Files\Microsoft Visual Studio\2022\Professional\MSBuild\Microsoft\VC\v170\Microsoft.CodeAnalysis.Extensions.props (33,5)" verwendet.
  stdafx.cpp
  _WIN32_WINNT not defined. Defaulting to _WIN32_WINNT_MAXVER (see WinSDKVer.h)
  Warning! This release of Objective Toolkit is not supported with versions
           of MFC newer than 4.21. Contact Stingray Software to obtain an update.
  Objective Toolkit will automatically link with ota50d.lib
C:\Users\Gregor\github\Eudora7.2\Eudora71\OT501\Include\sectndlg.h(64,4): warning C4996: 'strcpy': This function or variable may be unsafe. Consider using strcpy_s instead. To disable deprecation, use _CRT_SECURE_NO_WARNINGS. See online help for details.
  (Quelldatei „src/stdafx.cpp“ wird kompiliert)
  
C:\Users\Gregor\github\Eudora7.2\Eudora71\OT501\Include\TrCtlX.h(46,1): warning C4005: "TVGN_NEXTSELECTED": Makro-Neudefinition
  (Quelldatei „src/stdafx.cpp“ wird kompiliert)
  C:\Program Files (x86)\Windows Kits\10\Include\10.0.22621.0\um\CommCtrl.h(5112,1):
  Siehe vorherige Definition von "TVGN_NEXTSELECTED"
  
C:\Users\Gregor\github\Eudora7.2\Eudora71\OT501\Include\TrCtlX.h(60,1): warning C4005: "TVIS_EX_DISABLED": Makro-Neudefinition
  (Quelldatei „src/stdafx.cpp“ wird kompiliert)
  C:\Program Files (x86)\Windows Kits\10\Include\10.0.22621.0\um\CommCtrl.h(4869,1):
  Siehe vorherige Definition von "TVIS_EX_DISABLED"
  
C:\Users\Gregor\github\Eudora7.2\Eudora71\EuMemMgr\Include\VariableInfo.h(56,13): warning C4996: 'strcpy': This function or variable may be unsafe. Consider using strcpy_s instead. To disable deprecation, use _CRT_SECURE_NO_WARNINGS. See online help for details.
  (Quelldatei „src/stdafx.cpp“ wird kompiliert)
  
C:\Users\Gregor\github\Eudora7.2\Eudora71\EuMemMgr\Include\VariableInfo.h(126,13): warning C4996: 'strcpy': This function or variable may be unsafe. Consider using strcpy_s instead. To disable deprecation, use _CRT_SECURE_NO_WARNINGS. See online help for details.
  (Quelldatei „src/stdafx.cpp“ wird kompiliert)
  
C:\Users\Gregor\github\Eudora7.2\Eudora71\EuMemMgr\Include\SymbolEngine.h(103,7): error C2373: "UnDecorateSymbolNameW": Neudefinition; unterschiedliche Modifizierer
  (Quelldatei „src/stdafx.cpp“ wird kompiliert)
  C:\Program Files (x86)\Windows Kits\10\Include\10.0.22621.0\um\imagehlp.h(833,1):
  Siehe Deklaration von "UnDecorateSymbolNameW"
  
C:\Users\Gregor\github\Eudora7.2\Eudora71\EuMemMgr\Include\SymbolEngine.h(401,20): warning C4996: 'SymEnumerateSymbols64': wurde als veraltet deklariert
  (Quelldatei „src/stdafx.cpp“ wird kompiliert)
  
C:\Users\Gregor\github\Eudora7.2\Eudora71\EuMemMgr\Include\SymbolEngine.h(412,20): warning C4996: 'SymEnumerateSymbolsW64': wurde als veraltet deklariert
  (Quelldatei „src/stdafx.cpp“ wird kompiliert)
  
C:\Users\Gregor\github\Eudora7.2\Eudora71\EuMemMgr\Include\SymbolEngine.h(423,20): warning C4996: 'SymEnumerateSymbols64': wurde als veraltet deklariert
  (Quelldatei „src/stdafx.cpp“ wird kompiliert)
  
